// Jest Snapshot v1, https://goo.gl/fbAQLP

exports[`should correctly render LoginPage 1`] = `
<div
  className="box-layout"
>
  <Connect(AuthChecker)
    isPublic={true}
  />
  <div
    className="box-layout__box"
  >
    <h1
      className="box-layout__title"
    >
      MERN App
    </h1>
    <form>
      <div
        className="form-group"
      >
        <label
          htmlFor="inputEmail"
        >
          Account
        </label>
        <input
          aria-describedby="emailHelp"
          className="form-control form-control-lg"
          onChange={[Function]}
          placeholder="Email as account"
          type="email"
          value=""
        />
      </div>
      <div
        className="form-group"
      >
        <label
          htmlFor="inputPassword"
        >
          Password
        </label>
        <input
          className="form-control form-control-lg"
          onChange={[Function]}
          placeholder="Password"
          type="password"
          value=""
        />
      </div>
      <hr />
      <button
        className="btn btn-primary"
        disabled={true}
        onClick={[Function]}
      >
        Confirm
      </button>
      <span />
    </form>
  </div>
</div>
`;
